
Welcome to Gradle 8.10.2!

Here are the highlights of this release:
 - Support for Java 23
 - Faster configuration cache
 - Better configuration cache reports

For more details see https://docs.gradle.org/8.10.2/release-notes.html

To honour the JVM settings for this build a single-use Daemon process will be forked. For more on this, please refer to https://docs.gradle.org/8.10.2/userguide/gradle_daemon.html#sec:disabling_the_daemon in the Gradle documentation.
Daemon will be stopped at the end of the build 
> Task :app:preBuild UP-TO-DATE
> Task :app:preDebugBuild UP-TO-DATE
> Task :app:javaPreCompileDebug
> Task :app:generateDebugResValues
> Task :app:checkDebugAarMetadata
> Task :app:mapDebugSourceSetPaths
> Task :app:generateDebugResources
> Task :app:packageDebugResources
> Task :app:mergeDebugResources
> Task :app:createDebugCompatibleScreenManifests
> Task :app:extractDeepLinksDebug
> Task :app:parseDebugLocalResources

> Task :app:processDebugMainManifest
/home/runner/work/tetrisnesdecomp/tetrisnesdecomp/sml-v13-android-build/app/src/main/AndroidManifest.xml:8:9-41 Warning:
	android:extractNativeLibs should not be specified in this source AndroidManifest.xml file. See https://d.android.com/guide/topics/manifest/application-element#extractNativeLibs for more information.
The AGP Upgrade Assistant can remove the attribute from the AndroidManifest.xml file and update the build file accordingly. See https://d.android.com/studio/build/agp-upgrade-assistant for more information.

> Task :app:processDebugManifest
> Task :app:extractProguardFiles
> Task :app:mergeDebugJniLibFolders
> Task :app:mergeDebugArtProfile
> Task :app:processDebugManifestForPackage
> Task :app:mergeDebugNativeLibs

> Task :app:stripDebugDebugSymbols
Unable to strip the following libraries, packaging them as they are: libmain.so.

> Task :app:processDebugResources
> Task :app:desugarDebugFileDependencies
> Task :app:compileDebugJavaWithJavac NO-SOURCE
> Task :app:generateDebugLintVitalReportModel
> Task :app:extractDebugNativeSymbolTables
> Task :app:dexBuilderDebug
> Task :app:mergeDebugNativeDebugMetadata NO-SOURCE
> Task :app:mergeDebugStartupProfile
> Task :app:checkDebugDuplicateClasses
> Task :app:mergeDebugShaders
> Task :app:mergeExtDexDebug
> Task :app:mergeDebugGlobalSynthetics
> Task :app:compileDebugShaders NO-SOURCE
> Task :app:generateDebugAssets UP-TO-DATE
> Task :app:mergeDebugAssets
> Task :app:compressDebugAssets
> Task :app:mergeDexDebug
> Task :app:extractDebugVersionControlInfo
> Task :app:compileDebugArtProfile
> Task :app:processDebugJavaRes NO-SOURCE
> Task :app:collectDebugDependencies
> Task :app:mergeDebugJavaResource
> Task :app:sdkDebugDependencyData
> Task :app:validateSigningDebug
> Task :app:writeDebugAppMetadata
> Task :app:writeDebugSigningConfigVersions
> Task :app:optimizeDebugResources
> Task :app:packageDebug
> Task :app:createDebugApkListingFileRedirect
> Task :app:lintVitalAnalyzeDebug
> Task :app:lintVitalReportDebug
> Task :app:lintVitalDebug
> Task :app:assembleDebug
gradle/actions: Writing build results to /home/runner/work/_temp/.gradle-actions/build-results/official_build-1785759441114.json

BUILD SUCCESSFUL in 34s
45 actionable tasks: 45 executed
